
> travel-company@0.1.0 build
> next build

  Γû▓ Next.js 14.2.35
  - Environments: .env

   Creating an optimized production build ...
 Γ£ô Compiled successfully
   Linting and checking validity of types ...
   Collecting page data ...
   Generating static pages (0/22) ...
node.exe : n [Error]: Dynamic server usage: Route /api/dashboard/stats 
couldn't be rendered statically because it used `headers`. See more info here: 
https://nextjs.org/docs/messages/dynamic-server-error
At line:1 char:1
+ & "C:\Program Files\nodejs/node.exe" "C:\Program Files\nodejs/node_mo ...
+ ~~~~~~~~~~~~~~~~~~~~~~~~~~~~~~~~~~~~~~~~~~~~~~~~~~~~~~~~~~~~~~~~~~~~~
    + CategoryInfo          : NotSpecified: (n [Error]: Dyna...ic-server-error 
   :String) [], RemoteException
    + FullyQualifiedErrorId : NativeCommandError
 
    at l (C:\Users\LEGION\Desktop\Toursurv\travel-company\Travel_Company\.next\
server\chunks\948.js:1:37218)
    at d (C:\Users\LEGION\Desktop\Toursurv\travel-company\Travel_Company\.next\
server\chunks\830.js:25:26974)
    at s (C:\Users\LEGION\Desktop\Toursurv\travel-company\Travel_Company\.next\
server\chunks\830.js:25:19584)
    at c (C:\Users\LEGION\Desktop\Toursurv\travel-company\Travel_Company\.next\
server\app\api\dashboard\stats\route.js:1:1305)
    at C:\Users\LEGION\Desktop\Toursurv\travel-company\Travel_Company\node_modu
les\next\dist\compiled\next-server\app-route.runtime.prod.js:6:38417
    at C:\Users\LEGION\Desktop\Toursurv\travel-company\Travel_Company\node_modu
les\next\dist\server\lib\trace\tracer.js:140:36
    at NoopContextManager.with (C:\Users\LEGION\Desktop\Toursurv\travel-company
\Travel_Company\node_modules\next\dist\compiled\@opentelemetry\api\index.js:1:7
062)
    at ContextAPI.with (C:\Users\LEGION\Desktop\Toursurv\travel-company\Travel_
Company\node_modules\next\dist\compiled\@opentelemetry\api\index.js:1:518)
    at NoopTracer.startActiveSpan (C:\Users\LEGION\Desktop\Toursurv\travel-comp
any\Travel_Company\node_modules\next\dist\compiled\@opentelemetry\api\index.js:
1:18093)
    at ProxyTracer.startActiveSpan (C:\Users\LEGION\Desktop\Toursurv\travel-com
pany\Travel_Company\node_modules\next\dist\compiled\@opentelemetry\api\index.js
:1:18854) {
  description: "Route /api/dashboard/stats couldn't be rendered statically 
because it used `headers`. See more info here: 
https://nextjs.org/docs/messages/dynamic-server-error",
  digest: 'DYNAMIC_SERVER_USAGE'
}
   Generating static pages (5/22) 
   Generating static pages (10/22) 
Profile API error: n [Error]: Dynamic server usage: Route /api/profile 
couldn't be rendered statically because it used `headers`. See more info here: 
https://nextjs.org/docs/messages/dynamic-server-error
    at l (C:\Users\LEGION\Desktop\Toursurv\travel-company\Travel_Company\.next\
server\chunks\948.js:1:37218)
    at d (C:\Users\LEGION\Desktop\Toursurv\travel-company\Travel_Company\.next\
server\chunks\830.js:25:26974)
    at s (C:\Users\LEGION\Desktop\Toursurv\travel-company\Travel_Company\.next\
server\chunks\830.js:25:19584)
    at u (C:\Users\LEGION\Desktop\Toursurv\travel-company\Travel_Company\.next\
server\app\api\profile\route.js:1:1285)
    at C:\Users\LEGION\Desktop\Toursurv\travel-company\Travel_Company\node_modu
les\next\dist\compiled\next-server\app-route.runtime.prod.js:6:38417
    at C:\Users\LEGION\Desktop\Toursurv\travel-company\Travel_Company\node_modu
les\next\dist\server\lib\trace\tracer.js:140:36
    at NoopContextManager.with (C:\Users\LEGION\Desktop\Toursurv\travel-company
\Travel_Company\node_modules\next\dist\compiled\@opentelemetry\api\index.js:1:7
062)
    at ContextAPI.with (C:\Users\LEGION\Desktop\Toursurv\travel-company\Travel_
Company\node_modules\next\dist\compiled\@opentelemetry\api\index.js:1:518)
    at NoopTracer.startActiveSpan (C:\Users\LEGION\Desktop\Toursurv\travel-comp
any\Travel_Company\node_modules\next\dist\compiled\@opentelemetry\api\index.js:
1:18093)
    at ProxyTracer.startActiveSpan (C:\Users\LEGION\Desktop\Toursurv\travel-com
pany\Travel_Company\node_modules\next\dist\compiled\@opentelemetry\api\index.js
:1:18854) {
  description: "Route /api/profile couldn't be rendered statically because it 
used `headers`. See more info here: 
https://nextjs.org/docs/messages/dynamic-server-error",
  digest: 'DYNAMIC_SERVER_USAGE'
}
n [Error]: Dynamic server usage: Route /api/travel-requests couldn't be 
rendered statically because it used `headers`. See more info here: 
https://nextjs.org/docs/messages/dynamic-server-error
    at l (C:\Users\LEGION\Desktop\Toursurv\travel-company\Travel_Company\.next\
server\chunks\948.js:1:37218)
    at d (C:\Users\LEGION\Desktop\Toursurv\travel-company\Travel_Company\.next\
server\chunks\830.js:25:26974)
    at s (C:\Users\LEGION\Desktop\Toursurv\travel-company\Travel_Company\.next\
server\chunks\830.js:25:19584)
    at c (C:\Users\LEGION\Desktop\Toursurv\travel-company\Travel_Company\.next\
server\app\api\travel-requests\route.js:1:1308)
    at C:\Users\LEGION\Desktop\Toursurv\travel-company\Travel_Company\node_modu
les\next\dist\compiled\next-server\app-route.runtime.prod.js:6:38417
    at C:\Users\LEGION\Desktop\Toursurv\travel-company\Travel_Company\node_modu
les\next\dist\server\lib\trace\tracer.js:140:36
    at NoopContextManager.with (C:\Users\LEGION\Desktop\Toursurv\travel-company
\Travel_Company\node_modules\next\dist\compiled\@opentelemetry\api\index.js:1:7
062)
    at ContextAPI.with (C:\Users\LEGION\Desktop\Toursurv\travel-company\Travel_
Company\node_modules\next\dist\compiled\@opentelemetry\api\index.js:1:518)
    at NoopTracer.startActiveSpan (C:\Users\LEGION\Desktop\Toursurv\travel-comp
any\Travel_Company\node_modules\next\dist\compiled\@opentelemetry\api\index.js:
1:18093)
    at ProxyTracer.startActiveSpan (C:\Users\LEGION\Desktop\Toursurv\travel-com
pany\Travel_Company\node_modules\next\dist\compiled\@opentelemetry\api\index.js
:1:18854) {
  description: "Route /api/travel-requests couldn't be rendered statically 
because it used `headers`. See more info here: 
https://nextjs.org/docs/messages/dynamic-server-error",
  digest: 'DYNAMIC_SERVER_USAGE'
}
Fetch requests API error: n [Error]: Dynamic server usage: Route 
/api/my-requests couldn't be rendered statically because it used `headers`. 
See more info here: https://nextjs.org/docs/messages/dynamic-server-error
    at l (C:\Users\LEGION\Desktop\Toursurv\travel-company\Travel_Company\.next\
server\chunks\948.js:1:37218)
    at d (C:\Users\LEGION\Desktop\Toursurv\travel-company\Travel_Company\.next\
server\chunks\830.js:25:26974)
    at s (C:\Users\LEGION\Desktop\Toursurv\travel-company\Travel_Company\.next\
server\chunks\830.js:25:19584)
    at c (C:\Users\LEGION\Desktop\Toursurv\travel-company\Travel_Company\.next\
server\app\api\my-requests\route.js:1:1308)
    at C:\Users\LEGION\Desktop\Toursurv\travel-company\Travel_Company\node_modu
les\next\dist\compiled\next-server\app-route.runtime.prod.js:6:38417
    at C:\Users\LEGION\Desktop\Toursurv\travel-company\Travel_Company\node_modu
les\next\dist\server\lib\trace\tracer.js:140:36
    at NoopContextManager.with (C:\Users\LEGION\Desktop\Toursurv\travel-company
\Travel_Company\node_modules\next\dist\compiled\@opentelemetry\api\index.js:1:7
062)
    at ContextAPI.with (C:\Users\LEGION\Desktop\Toursurv\travel-company\Travel_
Company\node_modules\next\dist\compiled\@opentelemetry\api\index.js:1:518)
    at NoopTracer.startActiveSpan (C:\Users\LEGION\Desktop\Toursurv\travel-comp
any\Travel_Company\node_modules\next\dist\compiled\@opentelemetry\api\index.js:
1:18093)
    at ProxyTracer.startActiveSpan (C:\Users\LEGION\Desktop\Toursurv\travel-com
pany\Travel_Company\node_modules\next\dist\compiled\@opentelemetry\api\index.js
:1:18854) {
  description: "Route /api/my-requests couldn't be rendered statically because 
it used `headers`. See more info here: 
https://nextjs.org/docs/messages/dynamic-server-error",
  digest: 'DYNAMIC_SERVER_USAGE'
}
   Generating static pages (16/22) 
 Γ£ô Generating static pages (22/22)
   Finalizing page optimization ...
   Collecting build traces ...

Route (app)                              Size     First Load JS
Γöî Γùï /                                    8.46 kB         101 kB
Γö£ Γùï /_not-found                          873 B          88.2 kB
Γö£ ╞Æ /api/auth/[...nextauth]              0 B                0 B
Γö£ ╞Æ /api/auth/register                   0 B                0 B
Γö£ ╞Æ /api/dashboard/stats                 0 B                0 B
Γö£ ╞Æ /api/my-requests                     0 B                0 B
Γö£ ╞Æ /api/profile                         0 B                0 B
Γö£ ╞Æ /api/travel-request                  0 B                0 B
Γö£ ╞Æ /api/travel-requests                 0 B                0 B
Γö£ ╞Æ /api/travel-requests/[id]            0 B                0 B
Γö£ ╞Æ /api/travel-requests/[id]/cancel     0 B                0 B
Γö£ ╞Æ /api/user/password                   0 B                0 B
Γö£ ╞Æ /api/user/profile                    0 B                0 B
Γö£ ╞Æ /dashboard                           2.73 kB         108 kB
Γö£ ╞Æ /dashboard/my-requests               1.68 kB        97.7 kB
Γö£ ╞Æ /dashboard/profile                   1.83 kB         104 kB
Γö£ ╞Æ /dashboard/request-history           1.9 kB           98 kB
Γö£ ╞Æ /dashboard/settings                  1.39 kB        98.4 kB
Γö£ Γùï /login                               4.01 kB         106 kB
Γö£ Γùï /my-requests                         2.58 kB         108 kB
Γö£ Γùï /plan-trip                           1.07 kB         115 kB
Γöö Γùï /signup                              3.16 kB         114 kB
+ First Load JS shared by all            87.3 kB
  Γö£ chunks/117-baa1caa680274865.js       31.7 kB
  Γö£ chunks/fd9d1056-70c94968177d287a.js  53.6 kB
  Γöö other shared chunks (total)          1.95 kB


Γùï  (Static)   prerendered as static content
╞Æ  (Dynamic)  server-rendered on demand

